[
    Lambda(
        [
            "PVar(\"name\")",
        ],
        Call(
            Scoped(
                [
                    "Str",
                ],
                "join",
            ),
            [
                Literal(
                    LStr(
                        [
                            Left(
                                "\\n",
                            ),
                        ],
                    ),
                ),
                Literal(
                    LArr(
                        [
                            Call(
                                Var(
                                    "line",
                                ),
                                [
                                    Binop(
                                        Var(
                                            "name",
                                        ),
                                        Concat,
                                        Binop(
                                            Literal(
                                                LStr(
                                                    [
                                                        Left(
                                                            ", ",
                                                        ),
                                                    ],
                                                ),
                                            ),
                                            Concat,
                                            Binop(
                                                Var(
                                                    "name",
                                                ),
                                                Concat,
                                                Literal(
                                                    LStr(
                                                        [
                                                            Left(
                                                                ", bo-",
                                                            ),
                                                        ],
                                                    ),
                                                ),
                                            ),
                                        ),
                                    ),
                                    Literal(
                                        LStr(
                                            [
                                                Left(
                                                    "b",
                                                ),
                                            ],
                                        ),
                                    ),
                                    Var(
                                        "name",
                                    ),
                                ],
                            ),
                            Call(
                                Var(
                                    "line",
                                ),
                                [
                                    Literal(
                                        LStr(
                                            [
                                                Left(
                                                    "banana-fana fo-",
                                                ),
                                            ],
                                        ),
                                    ),
                                    Literal(
                                        LStr(
                                            [
                                                Left(
                                                    "f",
                                                ),
                                            ],
                                        ),
                                    ),
                                    Var(
                                        "name",
                                    ),
                                ],
                            ),
                            Call(
                                Var(
                                    "line",
                                ),
                                [
                                    Literal(
                                        LStr(
                                            [
                                                Left(
                                                    "fee-fi-mo-",
                                                ),
                                            ],
                                        ),
                                    ),
                                    Literal(
                                        LStr(
                                            [
                                                Left(
                                                    "m",
                                                ),
                                            ],
                                        ),
                                    ),
                                    Var(
                                        "name",
                                    ),
                                ],
                            ),
                            Binop(
                                Var(
                                    "name",
                                ),
                                Concat,
                                Literal(
                                    LStr(
                                        [
                                            Left(
                                                "!",
                                            ),
                                        ],
                                    ),
                                ),
                            ),
                        ],
                    ),
                ),
            ],
        ),
    ),
    Lambda(
        [
            "PVar(\"name\")",
        ],
        If(
            Call(
                Var(
                    "is_vowel",
                ),
                [
                    Call(
                        Scoped(
                            [
                                "Str",
                            ],
                            "take",
                        ),
                        [
                            Literal(
                                LNum(
                                    1.0,
                                ),
                            ),
                            Var(
                                "name",
                            ),
                        ],
                    ),
                ],
            ),
            Var(
                "name",
            ),
            Call(
                Scoped(
                    [
                        "Str",
                    ],
                    "drop",
                ),
                [
                    Literal(
                        LNum(
                            1.0,
                        ),
                    ),
                    Var(
                        "name",
                    ),
                ],
            ),
        ),
    ),
    Lambda(
        [
            "PVar(\"prefix\")",
            "PVar(\"letter\")",
            "PVar(\"name\")",
        ],
        If(
            Binop(
                Var(
                    "letter",
                ),
                Eq,
                Call(
                    Scoped(
                        [
                            "Str",
                        ],
                        "take",
                    ),
                    [
                        Literal(
                            LNum(
                                1.0,
                            ),
                        ),
                        Var(
                            "name",
                        ),
                    ],
                ),
            ),
            Binop(
                Binop(
                    Var(
                        "prefix",
                    ),
                    Concat,
                    Call(
                        Var(
                            "shorten",
                        ),
                        [
                            Var(
                                "name",
                            ),
                        ],
                    ),
                ),
                Concat,
                Literal(
                    LStr(
                        [
                            Left(
                                "\\n",
                            ),
                        ],
                    ),
                ),
            ),
            Binop(
                Var(
                    "prefix",
                ),
                Concat,
                Binop(
                    Binop(
                        Var(
                            "letter",
                        ),
                        Concat,
                        Call(
                            Var(
                                "shorten",
                            ),
                            [
                                Var(
                                    "name",
                                ),
                            ],
                        ),
                    ),
                    Concat,
                    Literal(
                        LStr(
                            [
                                Left(
                                    "\\n",
                                ),
                            ],
                        ),
                    ),
                ),
            ),
        ),
    ),
]
