[
    Lambda(
        Meta {
            typ: Hole,
            span: Span {
                start: Pos {
                    line: 1,
                    col: 1,
                },
                end: Pos {
                    line: 1,
                    col: 152,
                },
            },
            comment: [],
        },
        [
            Var(
                "name",
            ),
        ],
        Call(
            Meta {
                typ: Hole,
                span: Span {
                    start: Pos {
                        line: 1,
                        col: 12,
                    },
                    end: Pos {
                        line: 1,
                        col: 152,
                    },
                },
                comment: [],
            },
            Scoped(
                Meta {
                    typ: Hole,
                    span: Span {
                        start: Pos {
                            line: 1,
                            col: 13,
                        },
                        end: Pos {
                            line: 1,
                            col: 21,
                        },
                    },
                    comment: [],
                },
                [
                    "Str",
                ],
                "join",
            ),
            [
                Literal(
                    Meta {
                        typ: Hole,
                        span: Span {
                            start: Pos {
                                line: 1,
                                col: 22,
                            },
                            end: Pos {
                                line: 1,
                                col: 26,
                            },
                        },
                        comment: [],
                    },
                    LStr(
                        [
                            Text(
                                "\n",
                            ),
                        ],
                    ),
                ),
                Literal(
                    Meta {
                        typ: Hole,
                        span: Span {
                            start: Pos {
                                line: 1,
                                col: 27,
                            },
                            end: Pos {
                                line: 1,
                                col: 152,
                            },
                        },
                        comment: [],
                    },
                    Array(
                        [
                            Call(
                                Meta {
                                    typ: Hole,
                                    span: Span {
                                        start: Pos {
                                            line: 1,
                                            col: 29,
                                        },
                                        end: Pos {
                                            line: 1,
                                            col: 76,
                                        },
                                    },
                                    comment: [],
                                },
                                Var(
                                    Meta {
                                        typ: Hole,
                                        span: Span {
                                            start: Pos {
                                                line: 1,
                                                col: 29,
                                            },
                                            end: Pos {
                                                line: 1,
                                                col: 33,
                                            },
                                        },
                                        comment: [],
                                    },
                                    "line",
                                ),
                                [
                                    Binop(
                                        Meta {
                                            typ: Hole,
                                            span: Span {
                                                start: Pos {
                                                    line: 1,
                                                    col: 35,
                                                },
                                                end: Pos {
                                                    line: 1,
                                                    col: 66,
                                                },
                                            },
                                            comment: [],
                                        },
                                        Var(
                                            Meta {
                                                typ: Hole,
                                                span: Span {
                                                    start: Pos {
                                                        line: 1,
                                                        col: 35,
                                                    },
                                                    end: Pos {
                                                        line: 1,
                                                        col: 39,
                                                    },
                                                },
                                                comment: [],
                                            },
                                            "name",
                                        ),
                                        Concat,
                                        Binop(
                                            Meta {
                                                typ: Hole,
                                                span: Span {
                                                    start: Pos {
                                                        line: 1,
                                                        col: 42,
                                                    },
                                                    end: Pos {
                                                        line: 1,
                                                        col: 66,
                                                    },
                                                },
                                                comment: [],
                                            },
                                            Literal(
                                                Meta {
                                                    typ: Hole,
                                                    span: Span {
                                                        start: Pos {
                                                            line: 1,
                                                            col: 43,
                                                        },
                                                        end: Pos {
                                                            line: 1,
                                                            col: 47,
                                                        },
                                                    },
                                                    comment: [],
                                                },
                                                LStr(
                                                    [
                                                        Text(
                                                            ", ",
                                                        ),
                                                    ],
                                                ),
                                            ),
                                            Concat,
                                            Binop(
                                                Meta {
                                                    typ: Hole,
                                                    span: Span {
                                                        start: Pos {
                                                            line: 1,
                                                            col: 50,
                                                        },
                                                        end: Pos {
                                                            line: 1,
                                                            col: 66,
                                                        },
                                                    },
                                                    comment: [],
                                                },
                                                Var(
                                                    Meta {
                                                        typ: Hole,
                                                        span: Span {
                                                            start: Pos {
                                                                line: 1,
                                                                col: 51,
                                                            },
                                                            end: Pos {
                                                                line: 1,
                                                                col: 55,
                                                            },
                                                        },
                                                        comment: [],
                                                    },
                                                    "name",
                                                ),
                                                Concat,
                                                Literal(
                                                    Meta {
                                                        typ: Hole,
                                                        span: Span {
                                                            start: Pos {
                                                                line: 1,
                                                                col: 59,
                                                            },
                                                            end: Pos {
                                                                line: 1,
                                                                col: 66,
                                                            },
                                                        },
                                                        comment: [],
                                                    },
                                                    LStr(
                                                        [
                                                            Text(
                                                                ", bo-",
                                                            ),
                                                        ],
                                                    ),
                                                ),
                                            ),
                                        ),
                                    ),
                                    Literal(
                                        Meta {
                                            typ: Hole,
                                            span: Span {
                                                start: Pos {
                                                    line: 1,
                                                    col: 68,
                                                },
                                                end: Pos {
                                                    line: 1,
                                                    col: 71,
                                                },
                                            },
                                            comment: [],
                                        },
                                        LStr(
                                            [
                                                Text(
                                                    "b",
                                                ),
                                            ],
                                        ),
                                    ),
                                    Var(
                                        Meta {
                                            typ: Hole,
                                            span: Span {
                                                start: Pos {
                                                    line: 1,
                                                    col: 72,
                                                },
                                                end: Pos {
                                                    line: 1,
                                                    col: 76,
                                                },
                                            },
                                            comment: [],
                                        },
                                        "name",
                                    ),
                                ],
                            ),
                            Call(
                                Meta {
                                    typ: Hole,
                                    span: Span {
                                        start: Pos {
                                            line: 1,
                                            col: 78,
                                        },
                                        end: Pos {
                                            line: 1,
                                            col: 109,
                                        },
                                    },
                                    comment: [],
                                },
                                Var(
                                    Meta {
                                        typ: Hole,
                                        span: Span {
                                            start: Pos {
                                                line: 1,
                                                col: 78,
                                            },
                                            end: Pos {
                                                line: 1,
                                                col: 82,
                                            },
                                        },
                                        comment: [],
                                    },
                                    "line",
                                ),
                                [
                                    Literal(
                                        Meta {
                                            typ: Hole,
                                            span: Span {
                                                start: Pos {
                                                    line: 1,
                                                    col: 83,
                                                },
                                                end: Pos {
                                                    line: 1,
                                                    col: 100,
                                                },
                                            },
                                            comment: [],
                                        },
                                        LStr(
                                            [
                                                Text(
                                                    "banana-fana fo-",
                                                ),
                                            ],
                                        ),
                                    ),
                                    Literal(
                                        Meta {
                                            typ: Hole,
                                            span: Span {
                                                start: Pos {
                                                    line: 1,
                                                    col: 101,
                                                },
                                                end: Pos {
                                                    line: 1,
                                                    col: 104,
                                                },
                                            },
                                            comment: [],
                                        },
                                        LStr(
                                            [
                                                Text(
                                                    "f",
                                                ),
                                            ],
                                        ),
                                    ),
                                    Var(
                                        Meta {
                                            typ: Hole,
                                            span: Span {
                                                start: Pos {
                                                    line: 1,
                                                    col: 105,
                                                },
                                                end: Pos {
                                                    line: 1,
                                                    col: 109,
                                                },
                                            },
                                            comment: [],
                                        },
                                        "name",
                                    ),
                                ],
                            ),
                            Call(
                                Meta {
                                    typ: Hole,
                                    span: Span {
                                        start: Pos {
                                            line: 1,
                                            col: 111,
                                        },
                                        end: Pos {
                                            line: 1,
                                            col: 137,
                                        },
                                    },
                                    comment: [],
                                },
                                Var(
                                    Meta {
                                        typ: Hole,
                                        span: Span {
                                            start: Pos {
                                                line: 1,
                                                col: 111,
                                            },
                                            end: Pos {
                                                line: 1,
                                                col: 115,
                                            },
                                        },
                                        comment: [],
                                    },
                                    "line",
                                ),
                                [
                                    Literal(
                                        Meta {
                                            typ: Hole,
                                            span: Span {
                                                start: Pos {
                                                    line: 1,
                                                    col: 116,
                                                },
                                                end: Pos {
                                                    line: 1,
                                                    col: 128,
                                                },
                                            },
                                            comment: [],
                                        },
                                        LStr(
                                            [
                                                Text(
                                                    "fee-fi-mo-",
                                                ),
                                            ],
                                        ),
                                    ),
                                    Literal(
                                        Meta {
                                            typ: Hole,
                                            span: Span {
                                                start: Pos {
                                                    line: 1,
                                                    col: 129,
                                                },
                                                end: Pos {
                                                    line: 1,
                                                    col: 132,
                                                },
                                            },
                                            comment: [],
                                        },
                                        LStr(
                                            [
                                                Text(
                                                    "m",
                                                ),
                                            ],
                                        ),
                                    ),
                                    Var(
                                        Meta {
                                            typ: Hole,
                                            span: Span {
                                                start: Pos {
                                                    line: 1,
                                                    col: 133,
                                                },
                                                end: Pos {
                                                    line: 1,
                                                    col: 137,
                                                },
                                            },
                                            comment: [],
                                        },
                                        "name",
                                    ),
                                ],
                            ),
                            Binop(
                                Meta {
                                    typ: Hole,
                                    span: Span {
                                        start: Pos {
                                            line: 1,
                                            col: 139,
                                        },
                                        end: Pos {
                                            line: 1,
                                            col: 151,
                                        },
                                    },
                                    comment: [],
                                },
                                Var(
                                    Meta {
                                        typ: Hole,
                                        span: Span {
                                            start: Pos {
                                                line: 1,
                                                col: 139,
                                            },
                                            end: Pos {
                                                line: 1,
                                                col: 143,
                                            },
                                        },
                                        comment: [],
                                    },
                                    "name",
                                ),
                                Concat,
                                Literal(
                                    Meta {
                                        typ: Hole,
                                        span: Span {
                                            start: Pos {
                                                line: 1,
                                                col: 147,
                                            },
                                            end: Pos {
                                                line: 1,
                                                col: 150,
                                            },
                                        },
                                        comment: [],
                                    },
                                    LStr(
                                        [
                                            Text(
                                                "!",
                                            ),
                                        ],
                                    ),
                                ),
                            ),
                        ],
                    ),
                ),
            ],
        ),
    ),
    Switch(
        Meta {
            typ: Hole,
            span: Span {
                start: Pos {
                    line: 1,
                    col: 1,
                },
                end: Pos {
                    line: 1,
                    col: 105,
                },
            },
            comment: [],
        },
        Placeholder(
            Meta {
                typ: Hole,
                span: Span {
                    start: Pos {
                        line: 1,
                        col: 7,
                    },
                    end: Pos {
                        line: 1,
                        col: 8,
                    },
                },
                comment: [],
            },
        ),
        [
            (
                Literal(
                    LStr(
                        [
                            Text(
                                "a",
                            ),
                        ],
                    ),
                ),
                None,
                Literal(
                    Meta {
                        typ: Hole,
                        span: Span {
                            start: Pos {
                                line: 1,
                                col: 19,
                            },
                            end: Pos {
                                line: 1,
                                col: 25,
                            },
                        },
                        comment: [],
                    },
                    Enum(
                        "true",
                        [],
                    ),
                ),
            ),
            (
                Literal(
                    LStr(
                        [
                            Text(
                                "e",
                            ),
                        ],
                    ),
                ),
                None,
                Literal(
                    Meta {
                        typ: Hole,
                        span: Span {
                            start: Pos {
                                line: 1,
                                col: 35,
                            },
                            end: Pos {
                                line: 1,
                                col: 41,
                            },
                        },
                        comment: [],
                    },
                    Enum(
                        "true",
                        [],
                    ),
                ),
            ),
            (
                Literal(
                    LStr(
                        [
                            Text(
                                "i",
                            ),
                        ],
                    ),
                ),
                None,
                Literal(
                    Meta {
                        typ: Hole,
                        span: Span {
                            start: Pos {
                                line: 1,
                                col: 51,
                            },
                            end: Pos {
                                line: 1,
                                col: 57,
                            },
                        },
                        comment: [],
                    },
                    Enum(
                        "true",
                        [],
                    ),
                ),
            ),
            (
                Literal(
                    LStr(
                        [
                            Text(
                                "o",
                            ),
                        ],
                    ),
                ),
                None,
                Literal(
                    Meta {
                        typ: Hole,
                        span: Span {
                            start: Pos {
                                line: 1,
                                col: 67,
                            },
                            end: Pos {
                                line: 1,
                                col: 73,
                            },
                        },
                        comment: [],
                    },
                    Enum(
                        "true",
                        [],
                    ),
                ),
            ),
            (
                Literal(
                    LStr(
                        [
                            Text(
                                "u",
                            ),
                        ],
                    ),
                ),
                None,
                Literal(
                    Meta {
                        typ: Hole,
                        span: Span {
                            start: Pos {
                                line: 1,
                                col: 83,
                            },
                            end: Pos {
                                line: 1,
                                col: 89,
                            },
                        },
                        comment: [],
                    },
                    Enum(
                        "true",
                        [],
                    ),
                ),
            ),
            (
                Any,
                None,
                Literal(
                    Meta {
                        typ: Hole,
                        span: Span {
                            start: Pos {
                                line: 1,
                                col: 99,
                            },
                            end: Pos {
                                line: 1,
                                col: 105,
                            },
                        },
                        comment: [],
                    },
                    Enum(
                        "false",
                        [],
                    ),
                ),
            ),
        ],
    ),
    Switch(
        Meta {
            typ: Hole,
            span: Span {
                start: Pos {
                    line: 1,
                    col: 1,
                },
                end: Pos {
                    line: 1,
                    col: 73,
                },
            },
            comment: [],
        },
        Placeholder(
            Meta {
                typ: Hole,
                span: Span {
                    start: Pos {
                        line: 1,
                        col: 7,
                    },
                    end: Pos {
                        line: 1,
                        col: 8,
                    },
                },
                comment: [],
            },
        ),
        [
            (
                Literal(
                    LStr(
                        [
                            Text(
                                "b",
                            ),
                        ],
                    ),
                ),
                None,
                Literal(
                    Meta {
                        typ: Hole,
                        span: Span {
                            start: Pos {
                                line: 1,
                                col: 19,
                            },
                            end: Pos {
                                line: 1,
                                col: 25,
                            },
                        },
                        comment: [],
                    },
                    Enum(
                        "true",
                        [],
                    ),
                ),
            ),
            (
                Literal(
                    LStr(
                        [
                            Text(
                                "f",
                            ),
                        ],
                    ),
                ),
                None,
                Literal(
                    Meta {
                        typ: Hole,
                        span: Span {
                            start: Pos {
                                line: 1,
                                col: 35,
                            },
                            end: Pos {
                                line: 1,
                                col: 41,
                            },
                        },
                        comment: [],
                    },
                    Enum(
                        "true",
                        [],
                    ),
                ),
            ),
            (
                Literal(
                    LStr(
                        [
                            Text(
                                "m",
                            ),
                        ],
                    ),
                ),
                None,
                Literal(
                    Meta {
                        typ: Hole,
                        span: Span {
                            start: Pos {
                                line: 1,
                                col: 51,
                            },
                            end: Pos {
                                line: 1,
                                col: 57,
                            },
                        },
                        comment: [],
                    },
                    Enum(
                        "true",
                        [],
                    ),
                ),
            ),
            (
                Any,
                None,
                Literal(
                    Meta {
                        typ: Hole,
                        span: Span {
                            start: Pos {
                                line: 1,
                                col: 67,
                            },
                            end: Pos {
                                line: 1,
                                col: 73,
                            },
                        },
                        comment: [],
                    },
                    Enum(
                        "false",
                        [],
                    ),
                ),
            ),
        ],
    ),
    Lambda(
        Meta {
            typ: Hole,
            span: Span {
                start: Pos {
                    line: 1,
                    col: 1,
                },
                end: Pos {
                    line: 1,
                    col: 73,
                },
            },
            comment: [],
        },
        [
            Var(
                "name",
            ),
        ],
        If(
            Meta {
                typ: Hole,
                span: Span {
                    start: Pos {
                        line: 1,
                        col: 13,
                    },
                    end: Pos {
                        line: 1,
                        col: 73,
                    },
                },
                comment: [],
            },
            Call(
                Meta {
                    typ: Hole,
                    span: Span {
                        start: Pos {
                            line: 1,
                            col: 15,
                        },
                        end: Pos {
                            line: 1,
                            col: 42,
                        },
                    },
                    comment: [],
                },
                Var(
                    Meta {
                        typ: Hole,
                        span: Span {
                            start: Pos {
                                line: 1,
                                col: 16,
                            },
                            end: Pos {
                                line: 1,
                                col: 24,
                            },
                        },
                        comment: [],
                    },
                    "is_vowel",
                ),
                [
                    Call(
                        Meta {
                            typ: Hole,
                            span: Span {
                                start: Pos {
                                    line: 1,
                                    col: 26,
                                },
                                end: Pos {
                                    line: 1,
                                    col: 41,
                                },
                            },
                            comment: [],
                        },
                        Scoped(
                            Meta {
                                typ: Hole,
                                span: Span {
                                    start: Pos {
                                        line: 1,
                                        col: 26,
                                    },
                                    end: Pos {
                                        line: 1,
                                        col: 34,
                                    },
                                },
                                comment: [],
                            },
                            [
                                "Str",
                            ],
                            "take",
                        ),
                        [
                            Literal(
                                Meta {
                                    typ: Hole,
                                    span: Span {
                                        start: Pos {
                                            line: 1,
                                            col: 35,
                                        },
                                        end: Pos {
                                            line: 1,
                                            col: 36,
                                        },
                                    },
                                    comment: [],
                                },
                                Number(
                                    1.0,
                                ),
                            ),
                            Var(
                                Meta {
                                    typ: Hole,
                                    span: Span {
                                        start: Pos {
                                            line: 1,
                                            col: 37,
                                        },
                                        end: Pos {
                                            line: 1,
                                            col: 41,
                                        },
                                    },
                                    comment: [],
                                },
                                "name",
                            ),
                        ],
                    ),
                ],
            ),
            Var(
                Meta {
                    typ: Hole,
                    span: Span {
                        start: Pos {
                            line: 1,
                            col: 48,
                        },
                        end: Pos {
                            line: 1,
                            col: 52,
                        },
                    },
                    comment: [],
                },
                "name",
            ),
            Call(
                Meta {
                    typ: Hole,
                    span: Span {
                        start: Pos {
                            line: 1,
                            col: 57,
                        },
                        end: Pos {
                            line: 1,
                            col: 73,
                        },
                    },
                    comment: [],
                },
                Scoped(
                    Meta {
                        typ: Hole,
                        span: Span {
                            start: Pos {
                                line: 1,
                                col: 58,
                            },
                            end: Pos {
                                line: 1,
                                col: 66,
                            },
                        },
                        comment: [],
                    },
                    [
                        "Str",
                    ],
                    "drop",
                ),
                [
                    Literal(
                        Meta {
                            typ: Hole,
                            span: Span {
                                start: Pos {
                                    line: 1,
                                    col: 67,
                                },
                                end: Pos {
                                    line: 1,
                                    col: 68,
                                },
                            },
                            comment: [],
                        },
                        Number(
                            1.0,
                        ),
                    ),
                    Var(
                        Meta {
                            typ: Hole,
                            span: Span {
                                start: Pos {
                                    line: 1,
                                    col: 69,
                                },
                                end: Pos {
                                    line: 1,
                                    col: 73,
                                },
                            },
                            comment: [],
                        },
                        "name",
                    ),
                ],
            ),
        ),
    ),
    Lambda(
        Meta {
            typ: Hole,
            span: Span {
                start: Pos {
                    line: 1,
                    col: 1,
                },
                end: Pos {
                    line: 1,
                    col: 137,
                },
            },
            comment: [],
        },
        [
            Var(
                "prefix",
            ),
            Var(
                "letter",
            ),
            Var(
                "name",
            ),
        ],
        If(
            Meta {
                typ: Hole,
                span: Span {
                    start: Pos {
                        line: 1,
                        col: 27,
                    },
                    end: Pos {
                        line: 1,
                        col: 137,
                    },
                },
                comment: [],
            },
            Binop(
                Meta {
                    typ: Hole,
                    span: Span {
                        start: Pos {
                            line: 1,
                            col: 29,
                        },
                        end: Pos {
                            line: 1,
                            col: 56,
                        },
                    },
                    comment: [],
                },
                Var(
                    Meta {
                        typ: Hole,
                        span: Span {
                            start: Pos {
                                line: 1,
                                col: 30,
                            },
                            end: Pos {
                                line: 1,
                                col: 36,
                            },
                        },
                        comment: [],
                    },
                    "letter",
                ),
                Eq,
                Call(
                    Meta {
                        typ: Hole,
                        span: Span {
                            start: Pos {
                                line: 1,
                                col: 39,
                            },
                            end: Pos {
                                line: 1,
                                col: 55,
                            },
                        },
                        comment: [],
                    },
                    Scoped(
                        Meta {
                            typ: Hole,
                            span: Span {
                                start: Pos {
                                    line: 1,
                                    col: 40,
                                },
                                end: Pos {
                                    line: 1,
                                    col: 48,
                                },
                            },
                            comment: [],
                        },
                        [
                            "Str",
                        ],
                        "take",
                    ),
                    [
                        Literal(
                            Meta {
                                typ: Hole,
                                span: Span {
                                    start: Pos {
                                        line: 1,
                                        col: 49,
                                    },
                                    end: Pos {
                                        line: 1,
                                        col: 50,
                                    },
                                },
                                comment: [],
                            },
                            Number(
                                1.0,
                            ),
                        ),
                        Var(
                            Meta {
                                typ: Hole,
                                span: Span {
                                    start: Pos {
                                        line: 1,
                                        col: 51,
                                    },
                                    end: Pos {
                                        line: 1,
                                        col: 55,
                                    },
                                },
                                comment: [],
                            },
                            "name",
                        ),
                    ],
                ),
            ),
            Binop(
                Meta {
                    typ: Hole,
                    span: Span {
                        start: Pos {
                            line: 1,
                            col: 60,
                        },
                        end: Pos {
                            line: 1,
                            col: 92,
                        },
                    },
                    comment: [],
                },
                Binop(
                    Meta {
                        typ: Hole,
                        span: Span {
                            start: Pos {
                                line: 1,
                                col: 60,
                            },
                            end: Pos {
                                line: 1,
                                col: 84,
                            },
                        },
                        comment: [],
                    },
                    Var(
                        Meta {
                            typ: Hole,
                            span: Span {
                                start: Pos {
                                    line: 1,
                                    col: 61,
                                },
                                end: Pos {
                                    line: 1,
                                    col: 67,
                                },
                            },
                            comment: [],
                        },
                        "prefix",
                    ),
                    Concat,
                    Call(
                        Meta {
                            typ: Hole,
                            span: Span {
                                start: Pos {
                                    line: 1,
                                    col: 70,
                                },
                                end: Pos {
                                    line: 1,
                                    col: 83,
                                },
                            },
                            comment: [],
                        },
                        Var(
                            Meta {
                                typ: Hole,
                                span: Span {
                                    start: Pos {
                                        line: 1,
                                        col: 71,
                                    },
                                    end: Pos {
                                        line: 1,
                                        col: 78,
                                    },
                                },
                                comment: [],
                            },
                            "shorten",
                        ),
                        [
                            Var(
                                Meta {
                                    typ: Hole,
                                    span: Span {
                                        start: Pos {
                                            line: 1,
                                            col: 79,
                                        },
                                        end: Pos {
                                            line: 1,
                                            col: 83,
                                        },
                                    },
                                    comment: [],
                                },
                                "name",
                            ),
                        ],
                    ),
                ),
                Concat,
                Literal(
                    Meta {
                        typ: Hole,
                        span: Span {
                            start: Pos {
                                line: 1,
                                col: 87,
                            },
                            end: Pos {
                                line: 1,
                                col: 91,
                            },
                        },
                        comment: [],
                    },
                    LStr(
                        [
                            Text(
                                "\n",
                            ),
                        ],
                    ),
                ),
            ),
            Binop(
                Meta {
                    typ: Hole,
                    span: Span {
                        start: Pos {
                            line: 1,
                            col: 96,
                        },
                        end: Pos {
                            line: 1,
                            col: 137,
                        },
                    },
                    comment: [],
                },
                Var(
                    Meta {
                        typ: Hole,
                        span: Span {
                            start: Pos {
                                line: 1,
                                col: 97,
                            },
                            end: Pos {
                                line: 1,
                                col: 103,
                            },
                        },
                        comment: [],
                    },
                    "prefix",
                ),
                Concat,
                Binop(
                    Meta {
                        typ: Hole,
                        span: Span {
                            start: Pos {
                                line: 1,
                                col: 106,
                            },
                            end: Pos {
                                line: 1,
                                col: 137,
                            },
                        },
                        comment: [],
                    },
                    Binop(
                        Meta {
                            typ: Hole,
                            span: Span {
                                start: Pos {
                                    line: 1,
                                    col: 106,
                                },
                                end: Pos {
                                    line: 1,
                                    col: 130,
                                },
                            },
                            comment: [],
                        },
                        Var(
                            Meta {
                                typ: Hole,
                                span: Span {
                                    start: Pos {
                                        line: 1,
                                        col: 107,
                                    },
                                    end: Pos {
                                        line: 1,
                                        col: 113,
                                    },
                                },
                                comment: [],
                            },
                            "letter",
                        ),
                        Concat,
                        Call(
                            Meta {
                                typ: Hole,
                                span: Span {
                                    start: Pos {
                                        line: 1,
                                        col: 116,
                                    },
                                    end: Pos {
                                        line: 1,
                                        col: 129,
                                    },
                                },
                                comment: [],
                            },
                            Var(
                                Meta {
                                    typ: Hole,
                                    span: Span {
                                        start: Pos {
                                            line: 1,
                                            col: 117,
                                        },
                                        end: Pos {
                                            line: 1,
                                            col: 124,
                                        },
                                    },
                                    comment: [],
                                },
                                "shorten",
                            ),
                            [
                                Var(
                                    Meta {
                                        typ: Hole,
                                        span: Span {
                                            start: Pos {
                                                line: 1,
                                                col: 125,
                                            },
                                            end: Pos {
                                                line: 1,
                                                col: 129,
                                            },
                                        },
                                        comment: [],
                                    },
                                    "name",
                                ),
                            ],
                        ),
                    ),
                    Concat,
                    Literal(
                        Meta {
                            typ: Hole,
                            span: Span {
                                start: Pos {
                                    line: 1,
                                    col: 133,
                                },
                                end: Pos {
                                    line: 1,
                                    col: 137,
                                },
                            },
                            comment: [],
                        },
                        LStr(
                            [
                                Text(
                                    "\n",
                                ),
                            ],
                        ),
                    ),
                ),
            ),
        ),
    ),
    Literal(
        Meta {
            typ: Hole,
            span: Span {
                start: Pos {
                    line: 1,
                    col: 1,
                },
                end: Pos {
                    line: 1,
                    col: 41,
                },
            },
            comment: [],
        },
        LStr(
            [
                Text(
                    "string with ",
                ),
                Value(
                    Literal(
                        Meta {
                            typ: Hole,
                            span: Span {
                                start: Pos {
                                    line: 1,
                                    col: 16,
                                },
                                end: Pos {
                                    line: 1,
                                    col: 39,
                                },
                            },
                            comment: [],
                        },
                        LStr(
                            [
                                Text(
                                    "template ${sections}",
                                ),
                            ],
                        ),
                    ),
                ),
            ],
        ),
    ),
]
