[
    Lambda(
        Meta {
            typ: Hole,
            span: (),
            comment: [],
        },
        [
            Var(
                "name",
            ),
        ],
        Call(
            Meta {
                typ: Hole,
                span: (),
                comment: [],
            },
            Scoped(
                Meta {
                    typ: Hole,
                    span: (),
                    comment: [],
                },
                [
                    "Str",
                ],
                "join",
            ),
            [
                Literal(
                    Meta {
                        typ: Hole,
                        span: (),
                        comment: [],
                    },
                    LStr(
                        [
                            Left(
                                "\n",
                            ),
                        ],
                    ),
                ),
                Literal(
                    Meta {
                        typ: Hole,
                        span: (),
                        comment: [],
                    },
                    Array(
                        [
                            Call(
                                Meta {
                                    typ: Hole,
                                    span: (),
                                    comment: [],
                                },
                                Var(
                                    Meta {
                                        typ: Hole,
                                        span: (),
                                        comment: [],
                                    },
                                    "line",
                                ),
                                [
                                    Binop(
                                        Meta {
                                            typ: Hole,
                                            span: (),
                                            comment: [],
                                        },
                                        Var(
                                            Meta {
                                                typ: Hole,
                                                span: (),
                                                comment: [],
                                            },
                                            "name",
                                        ),
                                        Concat,
                                        Binop(
                                            Meta {
                                                typ: Hole,
                                                span: (),
                                                comment: [],
                                            },
                                            Literal(
                                                Meta {
                                                    typ: Hole,
                                                    span: (),
                                                    comment: [],
                                                },
                                                LStr(
                                                    [
                                                        Left(
                                                            ", ",
                                                        ),
                                                    ],
                                                ),
                                            ),
                                            Concat,
                                            Binop(
                                                Meta {
                                                    typ: Hole,
                                                    span: (),
                                                    comment: [],
                                                },
                                                Var(
                                                    Meta {
                                                        typ: Hole,
                                                        span: (),
                                                        comment: [],
                                                    },
                                                    "name",
                                                ),
                                                Concat,
                                                Literal(
                                                    Meta {
                                                        typ: Hole,
                                                        span: (),
                                                        comment: [],
                                                    },
                                                    LStr(
                                                        [
                                                            Left(
                                                                ", bo-",
                                                            ),
                                                        ],
                                                    ),
                                                ),
                                            ),
                                        ),
                                    ),
                                    Literal(
                                        Meta {
                                            typ: Hole,
                                            span: (),
                                            comment: [],
                                        },
                                        LStr(
                                            [
                                                Left(
                                                    "b",
                                                ),
                                            ],
                                        ),
                                    ),
                                    Var(
                                        Meta {
                                            typ: Hole,
                                            span: (),
                                            comment: [],
                                        },
                                        "name",
                                    ),
                                ],
                            ),
                            Call(
                                Meta {
                                    typ: Hole,
                                    span: (),
                                    comment: [],
                                },
                                Var(
                                    Meta {
                                        typ: Hole,
                                        span: (),
                                        comment: [],
                                    },
                                    "line",
                                ),
                                [
                                    Literal(
                                        Meta {
                                            typ: Hole,
                                            span: (),
                                            comment: [],
                                        },
                                        LStr(
                                            [
                                                Left(
                                                    "banana-fana fo-",
                                                ),
                                            ],
                                        ),
                                    ),
                                    Literal(
                                        Meta {
                                            typ: Hole,
                                            span: (),
                                            comment: [],
                                        },
                                        LStr(
                                            [
                                                Left(
                                                    "f",
                                                ),
                                            ],
                                        ),
                                    ),
                                    Var(
                                        Meta {
                                            typ: Hole,
                                            span: (),
                                            comment: [],
                                        },
                                        "name",
                                    ),
                                ],
                            ),
                            Call(
                                Meta {
                                    typ: Hole,
                                    span: (),
                                    comment: [],
                                },
                                Var(
                                    Meta {
                                        typ: Hole,
                                        span: (),
                                        comment: [],
                                    },
                                    "line",
                                ),
                                [
                                    Literal(
                                        Meta {
                                            typ: Hole,
                                            span: (),
                                            comment: [],
                                        },
                                        LStr(
                                            [
                                                Left(
                                                    "fee-fi-mo-",
                                                ),
                                            ],
                                        ),
                                    ),
                                    Literal(
                                        Meta {
                                            typ: Hole,
                                            span: (),
                                            comment: [],
                                        },
                                        LStr(
                                            [
                                                Left(
                                                    "m",
                                                ),
                                            ],
                                        ),
                                    ),
                                    Var(
                                        Meta {
                                            typ: Hole,
                                            span: (),
                                            comment: [],
                                        },
                                        "name",
                                    ),
                                ],
                            ),
                            Binop(
                                Meta {
                                    typ: Hole,
                                    span: (),
                                    comment: [],
                                },
                                Var(
                                    Meta {
                                        typ: Hole,
                                        span: (),
                                        comment: [],
                                    },
                                    "name",
                                ),
                                Concat,
                                Literal(
                                    Meta {
                                        typ: Hole,
                                        span: (),
                                        comment: [],
                                    },
                                    LStr(
                                        [
                                            Left(
                                                "!",
                                            ),
                                        ],
                                    ),
                                ),
                            ),
                        ],
                    ),
                ),
            ],
        ),
    ),
    Switch(
        Meta {
            typ: Hole,
            span: (),
            comment: [],
        },
        Placeholder(
            Meta {
                typ: Hole,
                span: (),
                comment: [],
            },
        ),
        [
            (
                Literal(
                    LStr(
                        [
                            Left(
                                "a",
                            ),
                        ],
                    ),
                ),
                None,
                Literal(
                    Meta {
                        typ: Hole,
                        span: (),
                        comment: [],
                    },
                    Enum(
                        "true",
                        [],
                    ),
                ),
            ),
            (
                Literal(
                    LStr(
                        [
                            Left(
                                "e",
                            ),
                        ],
                    ),
                ),
                None,
                Literal(
                    Meta {
                        typ: Hole,
                        span: (),
                        comment: [],
                    },
                    Enum(
                        "true",
                        [],
                    ),
                ),
            ),
            (
                Literal(
                    LStr(
                        [
                            Left(
                                "i",
                            ),
                        ],
                    ),
                ),
                None,
                Literal(
                    Meta {
                        typ: Hole,
                        span: (),
                        comment: [],
                    },
                    Enum(
                        "true",
                        [],
                    ),
                ),
            ),
            (
                Literal(
                    LStr(
                        [
                            Left(
                                "o",
                            ),
                        ],
                    ),
                ),
                None,
                Literal(
                    Meta {
                        typ: Hole,
                        span: (),
                        comment: [],
                    },
                    Enum(
                        "true",
                        [],
                    ),
                ),
            ),
            (
                Literal(
                    LStr(
                        [
                            Left(
                                "u",
                            ),
                        ],
                    ),
                ),
                None,
                Literal(
                    Meta {
                        typ: Hole,
                        span: (),
                        comment: [],
                    },
                    Enum(
                        "true",
                        [],
                    ),
                ),
            ),
            (
                Any,
                None,
                Literal(
                    Meta {
                        typ: Hole,
                        span: (),
                        comment: [],
                    },
                    Enum(
                        "false",
                        [],
                    ),
                ),
            ),
        ],
    ),
    Switch(
        Meta {
            typ: Hole,
            span: (),
            comment: [],
        },
        Placeholder(
            Meta {
                typ: Hole,
                span: (),
                comment: [],
            },
        ),
        [
            (
                Literal(
                    LStr(
                        [
                            Left(
                                "b",
                            ),
                        ],
                    ),
                ),
                None,
                Literal(
                    Meta {
                        typ: Hole,
                        span: (),
                        comment: [],
                    },
                    Enum(
                        "true",
                        [],
                    ),
                ),
            ),
            (
                Literal(
                    LStr(
                        [
                            Left(
                                "f",
                            ),
                        ],
                    ),
                ),
                None,
                Literal(
                    Meta {
                        typ: Hole,
                        span: (),
                        comment: [],
                    },
                    Enum(
                        "true",
                        [],
                    ),
                ),
            ),
            (
                Literal(
                    LStr(
                        [
                            Left(
                                "m",
                            ),
                        ],
                    ),
                ),
                None,
                Literal(
                    Meta {
                        typ: Hole,
                        span: (),
                        comment: [],
                    },
                    Enum(
                        "true",
                        [],
                    ),
                ),
            ),
            (
                Any,
                None,
                Literal(
                    Meta {
                        typ: Hole,
                        span: (),
                        comment: [],
                    },
                    Enum(
                        "false",
                        [],
                    ),
                ),
            ),
        ],
    ),
    Lambda(
        Meta {
            typ: Hole,
            span: (),
            comment: [],
        },
        [
            Var(
                "name",
            ),
        ],
        If(
            Meta {
                typ: Hole,
                span: (),
                comment: [],
            },
            Call(
                Meta {
                    typ: Hole,
                    span: (),
                    comment: [],
                },
                Var(
                    Meta {
                        typ: Hole,
                        span: (),
                        comment: [],
                    },
                    "is_vowel",
                ),
                [
                    Call(
                        Meta {
                            typ: Hole,
                            span: (),
                            comment: [],
                        },
                        Scoped(
                            Meta {
                                typ: Hole,
                                span: (),
                                comment: [],
                            },
                            [
                                "Str",
                            ],
                            "take",
                        ),
                        [
                            Literal(
                                Meta {
                                    typ: Hole,
                                    span: (),
                                    comment: [],
                                },
                                Number(
                                    1.0,
                                ),
                            ),
                            Var(
                                Meta {
                                    typ: Hole,
                                    span: (),
                                    comment: [],
                                },
                                "name",
                            ),
                        ],
                    ),
                ],
            ),
            Var(
                Meta {
                    typ: Hole,
                    span: (),
                    comment: [],
                },
                "name",
            ),
            Call(
                Meta {
                    typ: Hole,
                    span: (),
                    comment: [],
                },
                Scoped(
                    Meta {
                        typ: Hole,
                        span: (),
                        comment: [],
                    },
                    [
                        "Str",
                    ],
                    "drop",
                ),
                [
                    Literal(
                        Meta {
                            typ: Hole,
                            span: (),
                            comment: [],
                        },
                        Number(
                            1.0,
                        ),
                    ),
                    Var(
                        Meta {
                            typ: Hole,
                            span: (),
                            comment: [],
                        },
                        "name",
                    ),
                ],
            ),
        ),
    ),
    Lambda(
        Meta {
            typ: Hole,
            span: (),
            comment: [],
        },
        [
            Var(
                "prefix",
            ),
            Var(
                "letter",
            ),
            Var(
                "name",
            ),
        ],
        If(
            Meta {
                typ: Hole,
                span: (),
                comment: [],
            },
            Binop(
                Meta {
                    typ: Hole,
                    span: (),
                    comment: [],
                },
                Var(
                    Meta {
                        typ: Hole,
                        span: (),
                        comment: [],
                    },
                    "letter",
                ),
                Eq,
                Call(
                    Meta {
                        typ: Hole,
                        span: (),
                        comment: [],
                    },
                    Scoped(
                        Meta {
                            typ: Hole,
                            span: (),
                            comment: [],
                        },
                        [
                            "Str",
                        ],
                        "take",
                    ),
                    [
                        Literal(
                            Meta {
                                typ: Hole,
                                span: (),
                                comment: [],
                            },
                            Number(
                                1.0,
                            ),
                        ),
                        Var(
                            Meta {
                                typ: Hole,
                                span: (),
                                comment: [],
                            },
                            "name",
                        ),
                    ],
                ),
            ),
            Binop(
                Meta {
                    typ: Hole,
                    span: (),
                    comment: [],
                },
                Binop(
                    Meta {
                        typ: Hole,
                        span: (),
                        comment: [],
                    },
                    Var(
                        Meta {
                            typ: Hole,
                            span: (),
                            comment: [],
                        },
                        "prefix",
                    ),
                    Concat,
                    Call(
                        Meta {
                            typ: Hole,
                            span: (),
                            comment: [],
                        },
                        Var(
                            Meta {
                                typ: Hole,
                                span: (),
                                comment: [],
                            },
                            "shorten",
                        ),
                        [
                            Var(
                                Meta {
                                    typ: Hole,
                                    span: (),
                                    comment: [],
                                },
                                "name",
                            ),
                        ],
                    ),
                ),
                Concat,
                Literal(
                    Meta {
                        typ: Hole,
                        span: (),
                        comment: [],
                    },
                    LStr(
                        [
                            Left(
                                "\n",
                            ),
                        ],
                    ),
                ),
            ),
            Binop(
                Meta {
                    typ: Hole,
                    span: (),
                    comment: [],
                },
                Var(
                    Meta {
                        typ: Hole,
                        span: (),
                        comment: [],
                    },
                    "prefix",
                ),
                Concat,
                Binop(
                    Meta {
                        typ: Hole,
                        span: (),
                        comment: [],
                    },
                    Binop(
                        Meta {
                            typ: Hole,
                            span: (),
                            comment: [],
                        },
                        Var(
                            Meta {
                                typ: Hole,
                                span: (),
                                comment: [],
                            },
                            "letter",
                        ),
                        Concat,
                        Call(
                            Meta {
                                typ: Hole,
                                span: (),
                                comment: [],
                            },
                            Var(
                                Meta {
                                    typ: Hole,
                                    span: (),
                                    comment: [],
                                },
                                "shorten",
                            ),
                            [
                                Var(
                                    Meta {
                                        typ: Hole,
                                        span: (),
                                        comment: [],
                                    },
                                    "name",
                                ),
                            ],
                        ),
                    ),
                    Concat,
                    Literal(
                        Meta {
                            typ: Hole,
                            span: (),
                            comment: [],
                        },
                        LStr(
                            [
                                Left(
                                    "\n",
                                ),
                            ],
                        ),
                    ),
                ),
            ),
        ),
    ),
    Literal(
        Meta {
            typ: Hole,
            span: (),
            comment: [],
        },
        LStr(
            [
                Left(
                    "string with ",
                ),
                Right(
                    Literal(
                        Meta {
                            typ: Hole,
                            span: (),
                            comment: [],
                        },
                        LStr(
                            [
                                Left(
                                    "template ${sections}",
                                ),
                            ],
                        ),
                    ),
                ),
            ],
        ),
    ),
]
